[11:50:21] [ServerMain/INFO]: [bootstrap] Running Java 25 (Java HotSpot(TM) 64-Bit Server VM 25.0.1+8-LTS-27; Oracle Corporation null) on Windows 10 10.0 (amd64)
[11:50:21] [ServerMain/INFO]: [bootstrap] Loading Paper 1.21.11-126-main@3f5728e (2026-02-28T11:49:07Z) for Minecraft 1.21.11
[11:50:22] [ServerMain/INFO]: [PluginInitializerManager] Initializing plugins...
[11:50:24] [ServerMain/INFO]: [PluginInitializerManager] Initialized 7 plugins
[11:50:24] [ServerMain/INFO]: [PluginInitializerManager] Bukkit plugins (7):
 - Geyser-Spigot (2.9.4-SNAPSHOT), Graves (4.9.11), OnePlayerSleep (3.6.4), ViaBackwards (5.7.2), ViaRewind (4.0.15), ViaVersion (5.7.2), floodgate (2.2.5-SNAPSHOT (b130-d73192f))
[11:50:32] [ServerMain/INFO]: Environment: Environment[sessionHost=https://sessionserver.mojang.com, servicesHost=https://api.minecraftservices.com, profilesHost=https://api.mojang.com, name=PROD]
[11:50:36] [ServerMain/INFO]: Loaded 1470 recipes
[11:50:36] [ServerMain/INFO]: Loaded 1584 advancements
[11:50:36] [ServerMain/INFO]: [ca.spottedleaf.dataconverter.minecraft.datatypes.MCTypeRegistry] Initialising converters for DataConverter...
[11:50:37] [ServerMain/INFO]: [ca.spottedleaf.dataconverter.minecraft.datatypes.MCTypeRegistry] Finished initialising converters for DataConverter in 817.0ms
[11:50:38] [Server thread/INFO]: Starting minecraft server version 1.21.11
[11:50:38] [Server thread/INFO]: Loading properties
[11:50:38] [Server thread/INFO]: This server is running Paper version 1.21.11-126-main@3f5728e (2026-02-28T11:49:07Z) (Implementing API version 1.21.11-R0.1-SNAPSHOT)
[11:50:38] [Server thread/INFO]: [spark] This server bundles the spark profiler. For more information please visit https://docs.papermc.io/paper/profiling
[11:50:38] [Server thread/INFO]: Using 4 threads for Netty based IO
[11:50:38] [Server thread/INFO]: Server Ping Player Sample Count: 12
[11:50:39] [Server thread/INFO]: [MoonriseCommon] Paper is using 1 worker threads, 1 I/O threads
[11:50:39] [Server console handler/ERROR]: [TerminalConsole] Failed to read console input
java.io.IOException: The handle is invalid
	at java.base/java.io.FileInputStream.readBytes(Native Method) ~[?:?]
	at java.base/java.io.FileInputStream.read(FileInputStream.java:281) ~[?:?]
	at java.base/java.lang.System$In.read(System.java:1871) ~[?:?]
	at java.base/java.io.BufferedInputStream.read1(BufferedInputStream.java:328) ~[?:?]
	at java.base/java.io.BufferedInputStream.read(BufferedInputStream.java:388) ~[?:?]
	at java.base/sun.nio.cs.StreamDecoder.readBytes(StreamDecoder.java:279) ~[?:?]
	at java.base/sun.nio.cs.StreamDecoder.implRead(StreamDecoder.java:322) ~[?:?]
	at java.base/sun.nio.cs.StreamDecoder.read(StreamDecoder.java:186) ~[?:?]
	at java.base/java.io.InputStreamReader.read(InputStreamReader.java:183) ~[?:?]
	at java.base/java.io.BufferedReader.fill(BufferedReader.java:166) ~[?:?]
	at java.base/java.io.BufferedReader.readLine(BufferedReader.java:333) ~[?:?]
	at java.base/java.io.BufferedReader.readLine(BufferedReader.java:400) ~[?:?]
	at net.minecrell.terminalconsole.SimpleTerminalConsole.readCommands(SimpleTerminalConsole.java:180) ~[terminalconsoleappender-1.3.0.jar:?]
	at net.minecrell.terminalconsole.SimpleTerminalConsole.start(SimpleTerminalConsole.java:143) ~[terminalconsoleappender-1.3.0.jar:?]
	at net.minecraft.server.dedicated.DedicatedServer$1.run(DedicatedServer.java:198) ~[paper-1.21.11.jar:1.21.11-126-3f5728e]
	Suppressed: java.io.IOException: The handle is invalid
		at java.base/java.io.FileDescriptor.close0(Native Method)
		at java.base/java.io.FileDescriptor.close(FileDescriptor.java:304)
		at java.base/java.io.FileInputStream$1.close(FileInputStream.java:507)
		at java.base/java.io.FileDescriptor.closeAll(FileDescriptor.java:361)
		at java.base/java.io.FileInputStream.close(FileInputStream.java:505) ~[?:?]
		at java.base/java.io.BufferedInputStream.close(BufferedInputStream.java:526) ~[?:?]
		at java.base/sun.nio.cs.StreamDecoder.implClose(StreamDecoder.java:374) ~[?:?]
		at java.base/sun.nio.cs.StreamDecoder.close(StreamDecoder.java:207) ~[?:?]
		at java.base/java.io.InputStreamReader.close(InputStreamReader.java:198) ~[?:?]
		at java.base/java.io.BufferedReader.close(BufferedReader.java:529) ~[?:?]
		at net.minecrell.terminalconsole.SimpleTerminalConsole.readCommands(SimpleTerminalConsole.java:183) ~[terminalconsoleappender-1.3.0.jar:?]
		... 2 more
[11:50:39] [Server thread/INFO]: Default game type: SURVIVAL
[11:50:39] [Server thread/INFO]: Generating keypair
[11:50:39] [Server thread/INFO]: Starting Minecraft server on *:25565
[11:50:40] [Server thread/INFO]: Paper: Using Java compression from Velocity.
[11:50:40] [Server thread/INFO]: Paper: Using Java cipher from Velocity.
[11:50:41] [Server thread/INFO]: [ViaVersion] Loading server plugin ViaVersion v5.7.2
[11:50:41] [Server thread/INFO]: [ViaVersion] ViaVersion 5.7.2 is now loaded. Registering protocol transformers and injecting...
[11:50:42] [Via-Mappingloader-1/INFO]: [ViaVersion] Loading block connection mappings ...
[11:50:43] [Via-Mappingloader-1/INFO]: [ViaVersion] Using FastUtil Long2ObjectOpenHashMap for block connections
[11:50:44] [Server thread/INFO]: [ViaBackwards] Loading translations...
[11:50:44] [Server thread/INFO]: [ViaBackwards] Registering protocols...
[11:50:45] [Server thread/INFO]: [ViaRewind] Registering protocols...
[11:50:45] [Server thread/INFO]: [ViaBackwards] Loading server plugin ViaBackwards v5.7.2
[11:50:45] [Server thread/INFO]: [floodgate] Loading server plugin floodgate v2.2.5-SNAPSHOT (b130-d73192f)
[11:50:47] [Server thread/WARN]: [floodgate] en_IN is not a supported Floodgate language.
[11:50:47] [Server thread/INFO]: [floodgate] Took 1,743ms to boot Floodgate
[11:50:47] [Server thread/INFO]: [ViaRewind] Loading server plugin ViaRewind v4.0.15
[11:50:47] [Server thread/INFO]: [OnePlayerSleep] Loading server plugin OnePlayerSleep v3.6.4
[11:50:47] [Server thread/INFO]: [Graves] Loading server plugin Graves v4.9.11
[11:50:47] [Server thread/INFO]: [Geyser-Spigot] Loading server plugin Geyser-Spigot v2.9.4-SNAPSHOT
[11:50:48] [Server thread/INFO]: [Geyser-Spigot] Loading extensions...
[11:50:48] [Server thread/INFO]: [Geyser-Spigot] Loaded 0 extension(s)
[11:50:48] [Server thread/INFO]: Server permissions file permissions.yml is empty, ignoring it
[11:50:48] [Server thread/INFO]: [ViaRewind] Enabling ViaRewind v4.0.15
[11:50:48] [Server thread/WARN]: **** SERVER IS RUNNING IN OFFLINE/INSECURE MODE!
[11:50:48] [Server thread/WARN]: The server will make no attempt to authenticate usernames. Beware.
[11:50:48] [Server thread/WARN]: While this makes the game possible to play without internet access, it also opens up the ability for hackers to connect with any username they choose.
[11:50:48] [Server thread/WARN]: To change this, set "online-mode" to "true" in the server.properties file.
[11:50:48] [Server thread/INFO]: Preparing level "world"
[11:50:49] [Server thread/INFO]: Loading 0 persistent chunks for world 'minecraft:overworld'...
[11:50:49] [Server thread/INFO]: Preparing spawn area: 100%
[11:50:49] [Server thread/INFO]: Prepared spawn area in 4 ms
[11:50:49] [Server thread/INFO]: Loading 0 persistent chunks for world 'minecraft:the_nether'...
[11:50:49] [Server thread/INFO]: Prepared spawn area in 1 ms
[11:50:49] [Server thread/INFO]: Loading 0 persistent chunks for world 'minecraft:the_end'...
[11:50:49] [Server thread/INFO]: Preparing spawn area: 100%
[11:50:49] [Server thread/INFO]: Prepared spawn area in 3 ms
[11:50:49] [Server thread/INFO]: Done preparing level "world" (0.876s)
[11:50:49] [Server thread/INFO]: [ViaVersion] Enabling ViaVersion v5.7.2
[11:50:49] [Server thread/INFO]: [ViaVersion] ViaVersion detected server version: 1.21.11 (774)
[11:50:49] [Server thread/INFO]: [ViaBackwards] Enabling ViaBackwards v5.7.2
[11:50:49] [Server thread/INFO]: [floodgate] Enabling floodgate v2.2.5-SNAPSHOT (b130-d73192f)
[11:50:49] [Server thread/INFO]: [OnePlayerSleep] Enabling OnePlayerSleep v3.6.4
[11:50:49] [Server thread/INFO]: 
[11:50:49] [Server thread/INFO]: ╔══════════════════════════════════════════════════╗
[11:50:49] [Server thread/INFO]: ║                                                  ║
[11:50:49] [Server thread/INFO]: ║    ⭐ OnePlayerSleep v3.6.4 ⭐                ║
[11:50:49] [Server thread/INFO]: ║                                                  ║
[11:50:49] [Server thread/INFO]: ║    Author: OPS                                ║
[11:50:49] [Server thread/INFO]: ║    Server: 1.21.11-126-3f5728e               ║
[11:50:49] [Server thread/INFO]: ║                                                  ║
[11:50:49] [Server thread/INFO]: ╠══════════════════════════════════════════════════╣
[11:50:49] [Server thread/INFO]: ║                                                  ║
[11:50:49] [Server thread/INFO]: ║    ✓ Event Listeners → LOADED              ║
[11:50:49] [Server thread/INFO]: ║    ✓ Commands → REGISTERED                  ║
[11:50:49] [Server thread/INFO]: ║    ✓ Configuration → INITIALIZED            ║
[11:50:49] [Server thread/INFO]: ║                                                  ║
[11:50:49] [Server thread/INFO]: ╠══════════════════════════════════════════════════╣
[11:50:49] [Server thread/INFO]: ║                                                  ║
[11:50:49] [Server thread/INFO]: ║    🌙 One Player Sleep → Enabled!          ║
[11:50:49] [Server thread/INFO]: ║    💤 Skip nights with just ONE player!      ║
[11:50:49] [Server thread/INFO]: ║                                                  ║
[11:50:49] [Server thread/INFO]: ╚══════════════════════════════════════════════════╝
[11:50:49] [Server thread/INFO]: 
[11:50:49] [Server thread/INFO]: [Graves] Enabling Graves v4.9.11
[11:50:49] [Server thread/INFO]: [Graves] Integration: Hooked into MiniMessage.
[11:50:51] [Server thread/INFO]: [Geyser-Spigot] Enabling Geyser-Spigot v2.9.4-SNAPSHOT
[11:50:53] [Server thread/INFO]: [spark] Starting background profiler...
[11:50:53] [Server thread/INFO]: [spark] The async-profiler engine is not supported for your os/arch (windows10/amd64), so the built-in Java engine will be used instead.
[11:50:55] [Server thread/INFO]: [Geyser-Spigot] ******************************************
[11:50:55] [Server thread/INFO]: [Geyser-Spigot] 
[11:50:55] [Server thread/INFO]: [Geyser-Spigot] Loading Geyser version 2.9.4-b1085 (git-master-bccae77)
[11:50:55] [Server thread/INFO]: [Geyser-Spigot] 
[11:50:55] [Server thread/INFO]: [Geyser-Spigot] ******************************************
[11:51:01] [GeyserServer-3-1/INFO]: [Geyser-Spigot] Started Geyser on UDP port 19132
[11:51:01] [Server thread/INFO]: [Geyser-Spigot] Done (6.316s)! Run /geyser help for help!
[11:51:01] [Server thread/INFO]: Running delayed init tasks
[11:51:01] [Craft Scheduler Thread - 3 - ViaVersion/INFO]: [ViaVersion] Finished mapping loading, shutting down loader executor.
[11:51:01] [Server thread/INFO]: Done (41.729s)! For help, type "help"
[12:04:34] [Server thread/INFO]: Stopping server
[12:04:34] [Server thread/INFO]: [Geyser-Spigot] Disabling Geyser-Spigot v2.9.4-SNAPSHOT
[12:04:34] [Server thread/INFO]: [Geyser-Spigot] Shutting down Geyser.
[12:04:34] [Server thread/INFO]: [Geyser-Spigot] Geyser shutdown successfully.
[12:04:34] [Server thread/INFO]: [Graves] Disabling Graves v4.9.11
[12:04:34] [Server thread/INFO]: [OnePlayerSleep] Disabling OnePlayerSleep v3.6.4
[12:04:34] [Server thread/INFO]: 
[12:04:34] [Server thread/INFO]: ╔══════════════════════════════════════════════════╗
[12:04:34] [Server thread/INFO]: ║                                                  ║
[12:04:34] [Server thread/INFO]: ║    ⭐ OnePlayerSleep v3.6.4 - Shutting Down ⭐  ║
[12:04:34] [Server thread/INFO]: ║                                                  ║
[12:04:34] [Server thread/INFO]: ╠══════════════════════════════════════════════════╣
[12:04:34] [Server thread/INFO]: ║                                                  ║
[12:04:34] [Server thread/INFO]: ║    🌟 Thanks for using OnePlayerSleep!         ║
[12:04:34] [Server thread/INFO]: ║    💙 Your players will miss the quick nights!  ║
[12:04:34] [Server thread/INFO]: ║                                                  ║
[12:04:34] [Server thread/INFO]: ╚══════════════════════════════════════════════════╝
[12:04:34] [Server thread/INFO]: 
[12:04:34] [WebSocketConnectReadThread-126/INFO]: [Geyser-Spigot] The skin uploader has been closed
[12:04:34] [Server thread/INFO]: [ViaRewind] Disabling ViaRewind v4.0.15
[12:04:34] [Server thread/INFO]: [floodgate] Disabling floodgate v2.2.5-SNAPSHOT (b130-d73192f)
[12:04:34] [Server thread/INFO]: [ViaBackwards] Disabling ViaBackwards v5.7.2
[12:04:34] [Server thread/INFO]: [ViaVersion] Disabling ViaVersion v5.7.2
[12:04:34] [Server thread/INFO]: [ViaVersion] ViaVersion has been disabled; uninjected the platform and shut down the scheduler.
[12:04:34] [Server thread/INFO]: Saving players
[12:04:35] [Server thread/INFO]: Saving worlds
[12:04:35] [Server thread/INFO]: Saving chunks for level 'ServerLevel[world]'/minecraft:overworld
[12:04:35] [Server thread/INFO]: [ChunkHolderManager] Waiting 60s for chunk system to halt for world 'world'
[12:04:35] [Server thread/INFO]: [ChunkHolderManager] Halted chunk system for world 'world'
[12:04:35] [Server thread/INFO]: [ChunkHolderManager] Saving all chunkholders for world 'world'
[12:04:35] [Server thread/INFO]: [ChunkHolderManager] Saved 0 block chunks, 0 entity chunks, 0 poi chunks in world 'world' in 0.00s
[12:04:35] [Server thread/INFO]: [ChunkHolderManager] Waiting 60s for chunk I/O to halt for world 'world'
[12:04:35] [Server thread/INFO]: [ChunkHolderManager] Halted I/O scheduler for world 'world'
[12:04:35] [Server thread/INFO]: Saving chunks for level 'ServerLevel[world_nether]'/minecraft:the_nether
[12:04:35] [Server thread/INFO]: [ChunkHolderManager] Waiting 60s for chunk system to halt for world 'world_nether'
[12:04:35] [Server thread/INFO]: [ChunkHolderManager] Halted chunk system for world 'world_nether'
[12:04:35] [Server thread/INFO]: [ChunkHolderManager] Saving all chunkholders for world 'world_nether'
[12:04:35] [Server thread/INFO]: [ChunkHolderManager] Saved 0 block chunks, 0 entity chunks, 0 poi chunks in world 'world_nether' in 0.00s
[12:04:35] [Server thread/INFO]: [ChunkHolderManager] Waiting 60s for chunk I/O to halt for world 'world_nether'
[12:04:35] [Server thread/INFO]: [ChunkHolderManager] Halted I/O scheduler for world 'world_nether'
[12:04:35] [Server thread/INFO]: Saving chunks for level 'ServerLevel[world_the_end]'/minecraft:the_end
[12:04:35] [Server thread/INFO]: [ChunkHolderManager] Waiting 60s for chunk system to halt for world 'world_the_end'
[12:04:35] [Server thread/INFO]: [ChunkHolderManager] Halted chunk system for world 'world_the_end'
[12:04:35] [Server thread/INFO]: [ChunkHolderManager] Saving all chunkholders for world 'world_the_end'
[12:04:35] [Server thread/INFO]: [ChunkHolderManager] Saved 0 block chunks, 0 entity chunks, 0 poi chunks in world 'world_the_end' in 0.00s
[12:04:35] [Server thread/INFO]: [ChunkHolderManager] Waiting 60s for chunk I/O to halt for world 'world_the_end'
[12:04:35] [Server thread/INFO]: [ChunkHolderManager] Halted I/O scheduler for world 'world_the_end'
[12:04:35] [Server thread/INFO]: ThreadedAnvilChunkStorage (world): All chunks are saved
[12:04:35] [Server thread/INFO]: ThreadedAnvilChunkStorage (DIM-1): All chunks are saved
[12:04:35] [Server thread/INFO]: ThreadedAnvilChunkStorage (DIM1): All chunks are saved
[12:04:35] [Server thread/INFO]: ThreadedAnvilChunkStorage: All dimensions are saved
[12:04:35] [Server thread/INFO]: Waiting for all RegionFile I/O tasks to complete...
[12:04:35] [Server thread/INFO]: All RegionFile I/O tasks to complete
[12:04:35] [Server thread/INFO]: [MoonriseCommon] Awaiting termination of worker pool for up to 60s...
[12:04:35] [Server thread/INFO]: [MoonriseCommon] Awaiting termination of I/O pool for up to 60s...
